../Core/Src/stm32l0xx_hal_msp.c:65:6:HAL_MspInit	8	static
../Core/Src/stm32l0xx_hal_msp.c:88:6:HAL_ADC_MspInit	56	static
../Core/Src/stm32l0xx_hal_msp.c:130:6:HAL_ADC_MspDeInit	16	static
../Core/Src/stm32l0xx_hal_msp.c:162:6:HAL_UART_MspInit	48	static
../Core/Src/stm32l0xx_hal_msp.c:199:6:HAL_UART_MspDeInit	16	static
../Core/Src/stm32l0xx_hal_msp.c:228:6:HAL_TIM_Base_MspInit	16	static
../Core/Src/stm32l0xx_hal_msp.c:255:6:HAL_TIM_MspPostInit	56	static
../Core/Src/stm32l0xx_hal_msp.c:315:6:HAL_TIM_Base_MspDeInit	16	static
